DlangTokenType.BLOCK_COMMENT ('/*')
DlangTokenType.BLOCK_COMMENT ('*')
DlangTokenType.BLOCK_COMMENT (' So is this. ')
DlangTokenType.BLOCK_COMMENT ('*/')