KEYWORD ('import')
WHITE_SPACE (' ')
DlangTokenType.ID ('std')
DOT ('.')
DlangTokenType.ID ('stdio')
SEMICOLON (';')
WHITE_SPACE ('\n\n')
KEYWORD ('void')
WHITE_SPACE (' ')
DlangTokenType.ID ('main')
PARENTHESES_LEFT ('(')
PARENTHESES_RIGHT (')')
BRACES_LEFT ('{')
WHITE_SPACE ('\n')
WHITE_SPACE ('  ')
KEYWORD ('float')
WHITE_SPACE (' ')
DlangTokenType.ID ('a')
WHITE_SPACE (' ')
OPERATOR ('=')
WHITE_SPACE (' ')
NUMBER ('1.2')
SEMICOLON (';')
WHITE_SPACE ('\n')
WHITE_SPACE ('  ')
KEYWORD ('float')
WHITE_SPACE (' ')
DlangTokenType.ID ('b')
WHITE_SPACE (' ')
OPERATOR ('=')
WHITE_SPACE (' ')
NUMBER ('1.')
SEMICOLON (';')
WHITE_SPACE ('\n')
WHITE_SPACE ('  ')
KEYWORD ('float')
WHITE_SPACE (' ')
DlangTokenType.ID ('c')
WHITE_SPACE (' ')
OPERATOR ('=')
WHITE_SPACE (' ')
NUMBER ('4.')
DlangTokenType.ID ('_a')
SEMICOLON (';')
DlangTokenType.LINE_COMMENT ('//should not be all one float literal')
WHITE_SPACE ('\n')
BRACES_RIGHT ('}')