KEYWORD ('class')
WHITE_SPACE (' ')
DlangTokenType.ID ('B')
WHITE_SPACE ('\n')
BRACES_LEFT ('{')
WHITE_SPACE ('\n')
WHITE_SPACE ('    ')
KEYWORD ('void')
WHITE_SPACE (' ')
DlangTokenType.ID ('foo')
PARENTHESES_LEFT ('(')
PARENTHESES_RIGHT (')')
WHITE_SPACE (' ')
KEYWORD ('pure')
WHITE_SPACE (' ')
KEYWORD ('nothrow')
WHITE_SPACE (' ')
AT_ATTRIBUTE ('@safe')
WHITE_SPACE (' ')
BRACES_LEFT ('{')
BRACES_RIGHT ('}')
WHITE_SPACE ('\n')
BRACES_RIGHT ('}')